******************************************************************************
                  TMS470 Linker PC v4.9.5                      
******************************************************************************
>> Linked Thu Aug 23 09:25:32 2012

OUTPUT FILE NAME:   <hello.out>
ENTRY POINT SYMBOL: "_c_int00"  address: 00000c65


MEMORY CONFIGURATION

         name            origin    length      used     unused   attr    fill
----------------------  --------  ---------  --------  --------  ----  --------
  FLASH                 00000000   00040000  00001106  0003eefa  R  X
  SRAM                  20000000   00010000  00000120  0000fee0  RW X


SEGMENT ALLOCATION MAP

run origin  load origin   length   init length attrs members
----------  ----------- ---------- ----------- ----- -------
00000000    00000000    00001108   00001108    r-x
  00000000    00000000    000000f0   000000f0    r-- .intvecs
  000000f0    000000f0    00000cf6   00000cf6    r-x .text
  00000de8    00000de8    000002e8   000002e8    r-- .const
  000010d0    000010d0    00000038   00000038    r-- .cinit
20000000    20000000    00000100   00000000    rw-
  20000000    20000000    00000100   00000000    rw- .stack
20000100    20000100    00000020   00000014    rw-
  20000100    20000100    00000014   00000014    rw- .data
  20000114    20000114    0000000c   00000000    rw- .bss


SECTION ALLOCATION MAP

 output                                  attributes/
section   page    origin      length       input sections
--------  ----  ----------  ----------   ----------------
.intvecs   0    00000000    000000f0     
                  00000000    000000f0     startup_ccs.obj (.intvecs)

.init_array 
*          0    00000000    00000000     UNINITIALIZED

.text      0    000000f0    00000cf6     
                  000000f0    000001d8     driverlib-cm3.lib : sysctl.obj (.text:SysCtlClockGet)
                  000002c8    00000144                       : sysctl.obj (.text:SysCtlClockSet)
                  0000040c    000000d4     rit128x96x4.obj (.text:RIT128x96x4StringDraw)
                  000004e0    000000cc     work.obj (.text:main)
                  000005ac    000000c8     driverlib-cm3.lib : gpio.obj (.text:GPIOPadConfigSet)
                  00000674    000000b0     work.obj (.text:initHW)
                  00000724    000000a4     rit128x96x4.obj (.text:RIT128x96x4Init)
                  000007c8    0000009c     rtsv7M3_T_le_eabi.lib : memcpy_t2.obj (.text)
                  00000864    00000094                           : auto_init.obj (.text)
                  000008f8    00000060     rit128x96x4.obj (.text:RIT128x96x4Enable)
                  00000958    00000060     rit128x96x4.obj (.text:RITWriteCommand)
                  000009b8    00000060     rit128x96x4.obj (.text:RITWriteData)
                  00000a18    0000005e     rtsv7M3_T_le_eabi.lib : copy_decompress_rle.obj (.text)
                  00000a76    00000002     startup_ccs.obj (.text:FaultISR)
                  00000a78    00000058     driverlib-cm3.lib : sysctl.obj (.text:SysCtlPeripheralEnable)
                  00000ad0    00000048     rit128x96x4.obj (.text:RIT128x96x4Clear)
                  00000b18    00000048     rtsv7M3_T_le_eabi.lib : cpy_tbl.obj (.text)
                  00000b60    00000044     driverlib-cm3.lib : ssi.obj (.text:SSIConfigSetExpClk)
                  00000ba4    00000044     rtsv7M3_T_le_eabi.lib : exit.obj (.text)
                  00000be8    00000042     driverlib-cm3.lib : uart.obj (.text:UARTConfigSetExpClk)
                  00000c2a    00000002     startup_ccs.obj (.text:IntDefaultHandler)
                  00000c2c    00000038     work.obj (.text:initUART0)
                  00000c64    00000034     rtsv7M3_T_le_eabi.lib : boot.obj (.text)
                  00000c98    0000002e     driverlib-cm3.lib : gpio.obj (.text:GPIODirModeSet)
                  00000cc6    00000002     startup_ccs.obj (.text:NmiSR)
                  00000cc8    0000001c     driverlib-cm3.lib : uart.obj (.text:UARTDisable)
                  00000ce4    00000018     rtsv7M3_T_le_eabi.lib : _lock.obj (.text)
                  00000cfc    00000018                           : args_main.obj (.text)
                  00000d14    00000014     driverlib-cm3.lib : uart.obj (.text:UARTEnable)
                  00000d28    00000012                       : gpio.obj (.text:GPIOPinTypeGPIOOutput)
                  00000d3a    00000012                       : gpio.obj (.text:GPIOPinTypeSSI)
                  00000d4c    00000012                       : gpio.obj (.text:GPIOPinTypeUART)
                  00000d5e    00000012     rtsv7M3_T_le_eabi.lib : copy_zero_init.obj (.text:decompress:ZI)
                  00000d70    00000010     driverlib-cm3.lib : uart.obj (.text:UARTCharGetNonBlocking)
                  00000d80    0000000e     rtsv7M3_T_le_eabi.lib : copy_decompress_none.obj (.text:decompress:none)
                  00000d8e    00000002     --HOLE-- [fill = 0]
                  00000d90    0000000c     rit128x96x4.obj (.text:RIT128x96x4DisplayOff)
                  00000d9c    0000000c     driverlib-cm3.lib : uart.obj (.text:UARTCharsAvail)
                  00000da8    0000000a                       : ssi.obj (.text:SSIDataPut)
                  00000db2    0000000a                       : ssi.obj (.text:SSIDisable)
                  00000dbc    0000000a                       : ssi.obj (.text:SSIEnable)
                  00000dc6    00000008                       : ssi.obj (.text:SSIBusy)
                  00000dce    00000006                       : gpio.obj (.text:GPIOPinWrite)
                  00000dd4    00000006     startup_ccs.obj (.text:ResetISR)
                  00000dda    00000006     driverlib-cm3.lib : sysctl.obj (.text:SysCtlDelay)
                  00000de0    00000006     rtsv7M3_T_le_eabi.lib : copy_decompress_rle.obj (.text:decompress:rle24)

.const     0    00000de8    000002e8     
                  00000de8    000001e0     rit128x96x4.obj (.const:g_pucFont)
                  00000fc8    0000006c     driverlib-cm3.lib : sysctl.obj (.const:g_pulXtals)
                  00001034    0000004f     rit128x96x4.obj (.const:g_pucRIT128x96x4Init)
                  00001083    00000001     --HOLE-- [fill = 0]
                  00001084    00000040     driverlib-cm3.lib : sysctl.obj (.const)
                  000010c4    0000000c     rit128x96x4.obj (.const)

.cinit     0    000010d0    00000038     
                  000010d0    0000000f     (.cinit..data.load) [load image, compression = rle]
                  000010df    00000001     --HOLE-- [fill = 0]
                  000010e0    0000000c     (__TI_handler_table)
                  000010ec    00000004     --HOLE-- [fill = 0]
                  000010f0    00000008     (.cinit..bss.load) [load image, compression = zero_init]
                  000010f8    00000010     (__TI_cinit_table)

.stack     0    20000000    00000100     UNINITIALIZED
                  20000000    00000100     --HOLE--

.data      0    20000100    00000014     
                  20000100    00000008     rtsv7M3_T_le_eabi.lib : _lock.obj (.data)
                  20000108    00000008                           : exit.obj (.data)
                  20000110    00000004                           : stkdepth_vars.obj (.data)

.bss       0    20000114    0000000c     UNINITIALIZED
                  20000114    0000000c     rit128x96x4.obj (.bss)


LINKER GENERATED COPY TABLES

__TI_cinit_table @ 000010f8 records: 2, size/record: 8, table size: 16
	.data: load addr=000010d0, load size=0000000f bytes, run addr=20000100, run size=00000014 bytes, compression=rle
	.bss: load addr=000010f0, load size=00000008 bytes, run addr=20000114, run size=0000000c bytes, compression=zero_init


LINKER GENERATED HANDLER TABLE

__TI_handler_table @ 000010e0 records: 3, size/record: 4, table size: 12
	index: 0, handler: __TI_decompress_rle24
	index: 1, handler: __TI_decompress_none
	index: 2, handler: __TI_zero_init


GLOBAL SYMBOLS: SORTED ALPHABETICALLY BY Name 

address    name
--------   ----
00000ba5   C$$EXIT
00000c99   GPIODirModeSet
000005ad   GPIOPadConfigSet
00000d29   GPIOPinTypeGPIOOutput
00000d3b   GPIOPinTypeSSI
00000d4d   GPIOPinTypeUART
00000dcf   GPIOPinWrite
00000ad1   RIT128x96x4Clear
00000d91   RIT128x96x4DisplayOff
000008f9   RIT128x96x4Enable
00000725   RIT128x96x4Init
0000040d   RIT128x96x4StringDraw
00000dd5   ResetISR
UNDEFED    SHT$$INIT_ARRAY$$Base
UNDEFED    SHT$$INIT_ARRAY$$Limit
00000dc7   SSIBusy
00000b61   SSIConfigSetExpClk
00000da9   SSIDataPut
00000db3   SSIDisable
00000dbd   SSIEnable
000000f1   SysCtlClockGet
000002c9   SysCtlClockSet
00000ddb   SysCtlDelay
00000a79   SysCtlPeripheralEnable
00000d71   UARTCharGetNonBlocking
00000d9d   UARTCharsAvail
00000be9   UARTConfigSetExpClk
00000cc9   UARTDisable
00000d15   UARTEnable
20000100   __STACK_END
00000100   __STACK_SIZE
20000100   __STACK_TOP
000010f8   __TI_CINIT_Base
00001108   __TI_CINIT_Limit
000010e0   __TI_Handler_Table_Base
000010ec   __TI_Handler_Table_Limit
00000001   __TI_args_main
00000865   __TI_auto_init
00000d81   __TI_decompress_none
00000de1   __TI_decompress_rle24
00000000   __TI_static_base__
00000d5f   __TI_zero_init
000007c9   __aeabi_memcpy
000007c9   __aeabi_memcpy4
000007c9   __aeabi_memcpy8
ffffffff   __binit__
ffffffff   __c_args__
20000000   __stack
00000cfd   _args_main
00000c65   _c_int00
20000108   _cleanup_ptr
2000010c   _dtors_ptr
20000100   _lock
00000cf1   _nop
00000ceb   _register_lock
00000ce5   _register_unlock
20000104   _unlock
00000ba9   abort
ffffffff   binit
00000b19   copy_in
00000bb1   exit
00000000   g_pfnVectors
00000675   initHW
00000c2d   initUART0
000004e1   main
20000110   main_func_sp
000007c9   memcpy


GLOBAL SYMBOLS: SORTED BY Symbol Address 

address    name
--------   ----
00000000   __TI_static_base__
00000000   g_pfnVectors
00000001   __TI_args_main
000000f1   SysCtlClockGet
00000100   __STACK_SIZE
000002c9   SysCtlClockSet
0000040d   RIT128x96x4StringDraw
000004e1   main
000005ad   GPIOPadConfigSet
00000675   initHW
00000725   RIT128x96x4Init
000007c9   __aeabi_memcpy
000007c9   __aeabi_memcpy4
000007c9   __aeabi_memcpy8
000007c9   memcpy
00000865   __TI_auto_init
000008f9   RIT128x96x4Enable
00000a79   SysCtlPeripheralEnable
00000ad1   RIT128x96x4Clear
00000b19   copy_in
00000b61   SSIConfigSetExpClk
00000ba5   C$$EXIT
00000ba9   abort
00000bb1   exit
00000be9   UARTConfigSetExpClk
00000c2d   initUART0
00000c65   _c_int00
00000c99   GPIODirModeSet
00000cc9   UARTDisable
00000ce5   _register_unlock
00000ceb   _register_lock
00000cf1   _nop
00000cfd   _args_main
00000d15   UARTEnable
00000d29   GPIOPinTypeGPIOOutput
00000d3b   GPIOPinTypeSSI
00000d4d   GPIOPinTypeUART
00000d5f   __TI_zero_init
00000d71   UARTCharGetNonBlocking
00000d81   __TI_decompress_none
00000d91   RIT128x96x4DisplayOff
00000d9d   UARTCharsAvail
00000da9   SSIDataPut
00000db3   SSIDisable
00000dbd   SSIEnable
00000dc7   SSIBusy
00000dcf   GPIOPinWrite
00000dd5   ResetISR
00000ddb   SysCtlDelay
00000de1   __TI_decompress_rle24
000010e0   __TI_Handler_Table_Base
000010ec   __TI_Handler_Table_Limit
000010f8   __TI_CINIT_Base
00001108   __TI_CINIT_Limit
20000000   __stack
20000100   __STACK_END
20000100   __STACK_TOP
20000100   _lock
20000104   _unlock
20000108   _cleanup_ptr
2000010c   _dtors_ptr
20000110   main_func_sp
ffffffff   __binit__
ffffffff   __c_args__
ffffffff   binit
UNDEFED    SHT$$INIT_ARRAY$$Base
UNDEFED    SHT$$INIT_ARRAY$$Limit

[67 symbols]
