******************************************************************************
                  TMS470 Linker PC v4.9.5                      
******************************************************************************
>> Linked Tue Nov 13 13:03:19 2012

OUTPUT FILE NAME:   <hello.out>
ENTRY POINT SYMBOL: "_c_int00"  address: 00000d99


MEMORY CONFIGURATION

         name            origin    length      used     unused   attr    fill
----------------------  --------  ---------  --------  --------  ----  --------
  FLASH                 00000000   00040000  00001278  0003ed88  R  X
  SRAM                  20000000   00010000  00000120  0000fee0  RW X


SEGMENT ALLOCATION MAP

run origin  load origin   length   init length attrs members
----------  ----------- ---------- ----------- ----- -------
00000000    00000000    00001278   00001278    r-x
  00000000    00000000    000000f0   000000f0    r-- .intvecs
  000000f0    000000f0    00000e68   00000e68    r-x .text
  00000f58    00000f58    000002e8   000002e8    r-- .const
  00001240    00001240    00000038   00000038    r-- .cinit
20000000    20000000    00000100   00000000    rw-
  20000000    20000000    00000100   00000000    rw- .stack
20000100    20000100    00000020   00000014    rw-
  20000100    20000100    00000014   00000014    rw- .data
  20000114    20000114    0000000c   00000000    rw- .bss


SECTION ALLOCATION MAP

 output                                  attributes/
section   page    origin      length       input sections
--------  ----  ----------  ----------   ----------------
.intvecs   0    00000000    000000f0     
                  00000000    000000f0     startup_ccs.obj (.intvecs)

.init_array 
*          0    00000000    00000000     UNINITIALIZED

.text      0    000000f0    00000e68     
                  000000f0    000001d8     driverlib-cm3.lib : sysctl.obj (.text:SysCtlClockGet)
                  000002c8    00000144                       : sysctl.obj (.text:SysCtlClockSet)
                  0000040c    000000d4     rit128x96x4.obj (.text:RIT128x96x4StringDraw)
                  000004e0    000000c8     driverlib-cm3.lib : gpio.obj (.text:GPIOPadConfigSet)
                  000005a8    000000c4     main.obj (.text:main)
                  0000066c    000000b0     main.obj (.text:initHW)
                  0000071c    000000a4     rit128x96x4.obj (.text:RIT128x96x4Init)
                  000007c0    000000a0     itoa.obj (.text:itoa)
                  00000860    0000009c     rtsv7M3_T_le_eabi.lib : memcpy_t2.obj (.text)
                  000008fc    00000094                           : auto_init.obj (.text)
                  00000990    00000078                           : memset_t2.obj (.text)
                  00000a08    0000006c     driverlib-cm3.lib : adc.obj (.text:ADCSequenceStepConfigure)
                  00000a74    00000060     rit128x96x4.obj (.text:RIT128x96x4Enable)
                  00000ad4    00000060     rit128x96x4.obj (.text:RITWriteCommand)
                  00000b34    00000060     rit128x96x4.obj (.text:RITWriteData)
                  00000b94    0000005e     rtsv7M3_T_le_eabi.lib : copy_decompress_rle.obj (.text)
                  00000bf2    00000002     startup_ccs.obj (.text:FaultISR)
                  00000bf4    00000058     driverlib-cm3.lib : sysctl.obj (.text:SysCtlPeripheralEnable)
                  00000c4c    00000048     rit128x96x4.obj (.text:RIT128x96x4Clear)
                  00000c94    00000048     rtsv7M3_T_le_eabi.lib : cpy_tbl.obj (.text)
                  00000cdc    00000044     driverlib-cm3.lib : ssi.obj (.text:SSIConfigSetExpClk)
                  00000d20    00000044     rtsv7M3_T_le_eabi.lib : exit.obj (.text)
                  00000d64    00000034     main.obj (.text:initADC)
                  00000d98    00000034     rtsv7M3_T_le_eabi.lib : boot.obj (.text)
                  00000dcc    0000002e     driverlib-cm3.lib : adc.obj (.text:ADCIntStatus)
                  00000dfa    0000002e                       : gpio.obj (.text:GPIODirModeSet)
                  00000e28    0000002a                       : adc.obj (.text:ADCSequenceConfigure)
                  00000e52    00000020                       : adc.obj (.text:ADCSequenceDataGet)
                  00000e72    00000002     startup_ccs.obj (.text:IntDefaultHandler)
                  00000e74    00000018     rtsv7M3_T_le_eabi.lib : _lock.obj (.text)
                  00000e8c    00000018                           : args_main.obj (.text)
                  00000ea4    00000016     driverlib-cm3.lib : adc.obj (.text:ADCProcessorTrigger)
                  00000eba    00000012                       : gpio.obj (.text:GPIOPinTypeGPIOOutput)
                  00000ecc    00000012                       : gpio.obj (.text:GPIOPinTypeSSI)
                  00000ede    00000012     rtsv7M3_T_le_eabi.lib : copy_zero_init.obj (.text:decompress:ZI)
                  00000ef0    0000000e     driverlib-cm3.lib : adc.obj (.text:ADCSequenceEnable)
                  00000efe    0000000e     rtsv7M3_T_le_eabi.lib : copy_decompress_none.obj (.text:decompress:none)
                  00000f0c    0000000c     rit128x96x4.obj (.text:RIT128x96x4DisplayOff)
                  00000f18    0000000a     driverlib-cm3.lib : ssi.obj (.text:SSIDataPut)
                  00000f22    0000000a                       : ssi.obj (.text:SSIDisable)
                  00000f2c    0000000a                       : ssi.obj (.text:SSIEnable)
                  00000f36    00000008                       : ssi.obj (.text:SSIBusy)
                  00000f3e    00000006                       : gpio.obj (.text:GPIOPinWrite)
                  00000f44    00000006     startup_ccs.obj (.text:ResetISR)
                  00000f4a    00000006     driverlib-cm3.lib : sysctl.obj (.text:SysCtlDelay)
                  00000f50    00000006     rtsv7M3_T_le_eabi.lib : copy_decompress_rle.obj (.text:decompress:rle24)
                  00000f56    00000002     startup_ccs.obj (.text:NmiSR)

.const     0    00000f58    000002e8     
                  00000f58    000001e0     rit128x96x4.obj (.const:g_pucFont)
                  00001138    0000006c     driverlib-cm3.lib : sysctl.obj (.const:g_pulXtals)
                  000011a4    0000004f     rit128x96x4.obj (.const:g_pucRIT128x96x4Init)
                  000011f3    00000001     --HOLE-- [fill = 0]
                  000011f4    00000040     driverlib-cm3.lib : sysctl.obj (.const)
                  00001234    0000000c     rit128x96x4.obj (.const)

.cinit     0    00001240    00000038     
                  00001240    0000000f     (.cinit..data.load) [load image, compression = rle]
                  0000124f    00000001     --HOLE-- [fill = 0]
                  00001250    0000000c     (__TI_handler_table)
                  0000125c    00000004     --HOLE-- [fill = 0]
                  00001260    00000008     (.cinit..bss.load) [load image, compression = zero_init]
                  00001268    00000010     (__TI_cinit_table)

.stack     0    20000000    00000100     UNINITIALIZED
                  20000000    00000100     --HOLE--

.data      0    20000100    00000014     
                  20000100    00000008     rtsv7M3_T_le_eabi.lib : _lock.obj (.data)
                  20000108    00000008                           : exit.obj (.data)
                  20000110    00000004                           : stkdepth_vars.obj (.data)

.bss       0    20000114    0000000c     UNINITIALIZED
                  20000114    0000000c     rit128x96x4.obj (.bss)


LINKER GENERATED COPY TABLES

__TI_cinit_table @ 00001268 records: 2, size/record: 8, table size: 16
	.data: load addr=00001240, load size=0000000f bytes, run addr=20000100, run size=00000014 bytes, compression=rle
	.bss: load addr=00001260, load size=00000008 bytes, run addr=20000114, run size=0000000c bytes, compression=zero_init


LINKER GENERATED HANDLER TABLE

__TI_handler_table @ 00001250 records: 3, size/record: 4, table size: 12
	index: 0, handler: __TI_decompress_rle24
	index: 1, handler: __TI_decompress_none
	index: 2, handler: __TI_zero_init


GLOBAL SYMBOLS: SORTED ALPHABETICALLY BY Name 

address    name
--------   ----
00000dcd   ADCIntStatus
00000ea5   ADCProcessorTrigger
00000e29   ADCSequenceConfigure
00000e53   ADCSequenceDataGet
00000ef1   ADCSequenceEnable
00000a09   ADCSequenceStepConfigure
00000d21   C$$EXIT
00000dfb   GPIODirModeSet
000004e1   GPIOPadConfigSet
00000ebb   GPIOPinTypeGPIOOutput
00000ecd   GPIOPinTypeSSI
00000f3f   GPIOPinWrite
00000c4d   RIT128x96x4Clear
00000f0d   RIT128x96x4DisplayOff
00000a75   RIT128x96x4Enable
0000071d   RIT128x96x4Init
0000040d   RIT128x96x4StringDraw
00000f45   ResetISR
UNDEFED    SHT$$INIT_ARRAY$$Base
UNDEFED    SHT$$INIT_ARRAY$$Limit
00000f37   SSIBusy
00000cdd   SSIConfigSetExpClk
00000f19   SSIDataPut
00000f23   SSIDisable
00000f2d   SSIEnable
000000f1   SysCtlClockGet
000002c9   SysCtlClockSet
00000f4b   SysCtlDelay
00000bf5   SysCtlPeripheralEnable
20000100   __STACK_END
00000100   __STACK_SIZE
20000100   __STACK_TOP
00001268   __TI_CINIT_Base
00001278   __TI_CINIT_Limit
00001250   __TI_Handler_Table_Base
0000125c   __TI_Handler_Table_Limit
00000001   __TI_args_main
000008fd   __TI_auto_init
00000eff   __TI_decompress_none
00000f51   __TI_decompress_rle24
00000000   __TI_static_base__
00000edf   __TI_zero_init
00000991   __aeabi_memclr
00000991   __aeabi_memclr4
00000991   __aeabi_memclr8
00000861   __aeabi_memcpy
00000861   __aeabi_memcpy4
00000861   __aeabi_memcpy8
00000993   __aeabi_memset
00000993   __aeabi_memset4
00000993   __aeabi_memset8
ffffffff   __binit__
ffffffff   __c_args__
20000000   __stack
00000e8d   _args_main
00000d99   _c_int00
20000108   _cleanup_ptr
2000010c   _dtors_ptr
20000100   _lock
00000e81   _nop
00000e7b   _register_lock
00000e75   _register_unlock
20000104   _unlock
00000d25   abort
ffffffff   binit
00000c95   copy_in
00000d2d   exit
00000000   g_pfnVectors
00000d65   initADC
0000066d   initHW
000007c1   itoa
000005a9   main
20000110   main_func_sp
00000861   memcpy
00000999   memset


GLOBAL SYMBOLS: SORTED BY Symbol Address 

address    name
--------   ----
00000000   __TI_static_base__
00000000   g_pfnVectors
00000001   __TI_args_main
000000f1   SysCtlClockGet
00000100   __STACK_SIZE
000002c9   SysCtlClockSet
0000040d   RIT128x96x4StringDraw
000004e1   GPIOPadConfigSet
000005a9   main
0000066d   initHW
0000071d   RIT128x96x4Init
000007c1   itoa
00000861   __aeabi_memcpy
00000861   __aeabi_memcpy4
00000861   __aeabi_memcpy8
00000861   memcpy
000008fd   __TI_auto_init
00000991   __aeabi_memclr
00000991   __aeabi_memclr4
00000991   __aeabi_memclr8
00000993   __aeabi_memset
00000993   __aeabi_memset4
00000993   __aeabi_memset8
00000999   memset
00000a09   ADCSequenceStepConfigure
00000a75   RIT128x96x4Enable
00000bf5   SysCtlPeripheralEnable
00000c4d   RIT128x96x4Clear
00000c95   copy_in
00000cdd   SSIConfigSetExpClk
00000d21   C$$EXIT
00000d25   abort
00000d2d   exit
00000d65   initADC
00000d99   _c_int00
00000dcd   ADCIntStatus
00000dfb   GPIODirModeSet
00000e29   ADCSequenceConfigure
00000e53   ADCSequenceDataGet
00000e75   _register_unlock
00000e7b   _register_lock
00000e81   _nop
00000e8d   _args_main
00000ea5   ADCProcessorTrigger
00000ebb   GPIOPinTypeGPIOOutput
00000ecd   GPIOPinTypeSSI
00000edf   __TI_zero_init
00000ef1   ADCSequenceEnable
00000eff   __TI_decompress_none
00000f0d   RIT128x96x4DisplayOff
00000f19   SSIDataPut
00000f23   SSIDisable
00000f2d   SSIEnable
00000f37   SSIBusy
00000f3f   GPIOPinWrite
00000f45   ResetISR
00000f4b   SysCtlDelay
00000f51   __TI_decompress_rle24
00001250   __TI_Handler_Table_Base
0000125c   __TI_Handler_Table_Limit
00001268   __TI_CINIT_Base
00001278   __TI_CINIT_Limit
20000000   __stack
20000100   __STACK_END
20000100   __STACK_TOP
20000100   _lock
20000104   _unlock
20000108   _cleanup_ptr
2000010c   _dtors_ptr
20000110   main_func_sp
ffffffff   __binit__
ffffffff   __c_args__
ffffffff   binit
UNDEFED    SHT$$INIT_ARRAY$$Base
UNDEFED    SHT$$INIT_ARRAY$$Limit

[75 symbols]
