******************************************************************************
                  TMS470 Linker PC v4.9.5                      
******************************************************************************
>> Linked Thu Aug 23 13:29:03 2012

OUTPUT FILE NAME:   <hello.out>
ENTRY POINT SYMBOL: "_c_int00"  address: 00000d91


MEMORY CONFIGURATION

         name            origin    length      used     unused   attr    fill
----------------------  --------  ---------  --------  --------  ----  --------
  FLASH                 00000000   00040000  00001270  0003ed90  R  X
  SRAM                  20000000   00010000  00000120  0000fee0  RW X


SEGMENT ALLOCATION MAP

run origin  load origin   length   init length attrs members
----------  ----------- ---------- ----------- ----- -------
00000000    00000000    00001270   00001270    r-x
  00000000    00000000    000000f0   000000f0    r-- .intvecs
  000000f0    000000f0    00000e60   00000e60    r-x .text
  00000f50    00000f50    000002e8   000002e8    r-- .const
  00001238    00001238    00000038   00000038    r-- .cinit
20000000    20000000    00000100   00000000    rw-
  20000000    20000000    00000100   00000000    rw- .stack
20000100    20000100    00000020   00000014    rw-
  20000100    20000100    00000014   00000014    rw- .data
  20000114    20000114    0000000c   00000000    rw- .bss


SECTION ALLOCATION MAP

 output                                  attributes/
section   page    origin      length       input sections
--------  ----  ----------  ----------   ----------------
.intvecs   0    00000000    000000f0     
                  00000000    000000f0     startup_ccs.obj (.intvecs)

.init_array 
*          0    00000000    00000000     UNINITIALIZED

.text      0    000000f0    00000e60     
                  000000f0    000001d8     driverlib-cm3.lib : sysctl.obj (.text:SysCtlClockGet)
                  000002c8    00000144                       : sysctl.obj (.text:SysCtlClockSet)
                  0000040c    000000d4     rit128x96x4.obj (.text:RIT128x96x4StringDraw)
                  000004e0    000000c8     driverlib-cm3.lib : gpio.obj (.text:GPIOPadConfigSet)
                  000005a8    000000bc     main.obj (.text:main)
                  00000664    000000b0     main.obj (.text:initHW)
                  00000714    000000a4     rit128x96x4.obj (.text:RIT128x96x4Init)
                  000007b8    000000a0     itoa.obj (.text:itoa)
                  00000858    0000009c     rtsv7M3_T_le_eabi.lib : memcpy_t2.obj (.text)
                  000008f4    00000094                           : auto_init.obj (.text)
                  00000988    00000078                           : memset_t2.obj (.text)
                  00000a00    0000006c     driverlib-cm3.lib : adc.obj (.text:ADCSequenceStepConfigure)
                  00000a6c    00000060     rit128x96x4.obj (.text:RIT128x96x4Enable)
                  00000acc    00000060     rit128x96x4.obj (.text:RITWriteCommand)
                  00000b2c    00000060     rit128x96x4.obj (.text:RITWriteData)
                  00000b8c    0000005e     rtsv7M3_T_le_eabi.lib : copy_decompress_rle.obj (.text)
                  00000bea    00000002     startup_ccs.obj (.text:FaultISR)
                  00000bec    00000058     driverlib-cm3.lib : sysctl.obj (.text:SysCtlPeripheralEnable)
                  00000c44    00000048     rit128x96x4.obj (.text:RIT128x96x4Clear)
                  00000c8c    00000048     rtsv7M3_T_le_eabi.lib : cpy_tbl.obj (.text)
                  00000cd4    00000044     driverlib-cm3.lib : ssi.obj (.text:SSIConfigSetExpClk)
                  00000d18    00000044     rtsv7M3_T_le_eabi.lib : exit.obj (.text)
                  00000d5c    00000034     main.obj (.text:initADC)
                  00000d90    00000034     rtsv7M3_T_le_eabi.lib : boot.obj (.text)
                  00000dc4    0000002e     driverlib-cm3.lib : adc.obj (.text:ADCIntStatus)
                  00000df2    0000002e                       : gpio.obj (.text:GPIODirModeSet)
                  00000e20    0000002a                       : adc.obj (.text:ADCSequenceConfigure)
                  00000e4a    00000020                       : adc.obj (.text:ADCSequenceDataGet)
                  00000e6a    00000002     startup_ccs.obj (.text:IntDefaultHandler)
                  00000e6c    00000018     rtsv7M3_T_le_eabi.lib : _lock.obj (.text)
                  00000e84    00000018                           : args_main.obj (.text)
                  00000e9c    00000016     driverlib-cm3.lib : adc.obj (.text:ADCProcessorTrigger)
                  00000eb2    00000012                       : gpio.obj (.text:GPIOPinTypeGPIOOutput)
                  00000ec4    00000012                       : gpio.obj (.text:GPIOPinTypeSSI)
                  00000ed6    00000012     rtsv7M3_T_le_eabi.lib : copy_zero_init.obj (.text:decompress:ZI)
                  00000ee8    0000000e     driverlib-cm3.lib : adc.obj (.text:ADCSequenceEnable)
                  00000ef6    0000000e     rtsv7M3_T_le_eabi.lib : copy_decompress_none.obj (.text:decompress:none)
                  00000f04    0000000c     rit128x96x4.obj (.text:RIT128x96x4DisplayOff)
                  00000f10    0000000a     driverlib-cm3.lib : ssi.obj (.text:SSIDataPut)
                  00000f1a    0000000a                       : ssi.obj (.text:SSIDisable)
                  00000f24    0000000a                       : ssi.obj (.text:SSIEnable)
                  00000f2e    00000008                       : ssi.obj (.text:SSIBusy)
                  00000f36    00000006                       : gpio.obj (.text:GPIOPinWrite)
                  00000f3c    00000006     startup_ccs.obj (.text:ResetISR)
                  00000f42    00000006     driverlib-cm3.lib : sysctl.obj (.text:SysCtlDelay)
                  00000f48    00000006     rtsv7M3_T_le_eabi.lib : copy_decompress_rle.obj (.text:decompress:rle24)
                  00000f4e    00000002     startup_ccs.obj (.text:NmiSR)

.const     0    00000f50    000002e8     
                  00000f50    000001e0     rit128x96x4.obj (.const:g_pucFont)
                  00001130    0000006c     driverlib-cm3.lib : sysctl.obj (.const:g_pulXtals)
                  0000119c    0000004f     rit128x96x4.obj (.const:g_pucRIT128x96x4Init)
                  000011eb    00000001     --HOLE-- [fill = 0]
                  000011ec    00000040     driverlib-cm3.lib : sysctl.obj (.const)
                  0000122c    0000000c     rit128x96x4.obj (.const)

.cinit     0    00001238    00000038     
                  00001238    0000000f     (.cinit..data.load) [load image, compression = rle]
                  00001247    00000001     --HOLE-- [fill = 0]
                  00001248    0000000c     (__TI_handler_table)
                  00001254    00000004     --HOLE-- [fill = 0]
                  00001258    00000008     (.cinit..bss.load) [load image, compression = zero_init]
                  00001260    00000010     (__TI_cinit_table)

.stack     0    20000000    00000100     UNINITIALIZED
                  20000000    00000100     --HOLE--

.data      0    20000100    00000014     
                  20000100    00000008     rtsv7M3_T_le_eabi.lib : _lock.obj (.data)
                  20000108    00000008                           : exit.obj (.data)
                  20000110    00000004                           : stkdepth_vars.obj (.data)

.bss       0    20000114    0000000c     UNINITIALIZED
                  20000114    0000000c     rit128x96x4.obj (.bss)


LINKER GENERATED COPY TABLES

__TI_cinit_table @ 00001260 records: 2, size/record: 8, table size: 16
	.data: load addr=00001238, load size=0000000f bytes, run addr=20000100, run size=00000014 bytes, compression=rle
	.bss: load addr=00001258, load size=00000008 bytes, run addr=20000114, run size=0000000c bytes, compression=zero_init


LINKER GENERATED HANDLER TABLE

__TI_handler_table @ 00001248 records: 3, size/record: 4, table size: 12
	index: 0, handler: __TI_decompress_rle24
	index: 1, handler: __TI_decompress_none
	index: 2, handler: __TI_zero_init


GLOBAL SYMBOLS: SORTED ALPHABETICALLY BY Name 

address    name
--------   ----
00000dc5   ADCIntStatus
00000e9d   ADCProcessorTrigger
00000e21   ADCSequenceConfigure
00000e4b   ADCSequenceDataGet
00000ee9   ADCSequenceEnable
00000a01   ADCSequenceStepConfigure
00000d19   C$$EXIT
00000df3   GPIODirModeSet
000004e1   GPIOPadConfigSet
00000eb3   GPIOPinTypeGPIOOutput
00000ec5   GPIOPinTypeSSI
00000f37   GPIOPinWrite
00000c45   RIT128x96x4Clear
00000f05   RIT128x96x4DisplayOff
00000a6d   RIT128x96x4Enable
00000715   RIT128x96x4Init
0000040d   RIT128x96x4StringDraw
00000f3d   ResetISR
UNDEFED    SHT$$INIT_ARRAY$$Base
UNDEFED    SHT$$INIT_ARRAY$$Limit
00000f2f   SSIBusy
00000cd5   SSIConfigSetExpClk
00000f11   SSIDataPut
00000f1b   SSIDisable
00000f25   SSIEnable
000000f1   SysCtlClockGet
000002c9   SysCtlClockSet
00000f43   SysCtlDelay
00000bed   SysCtlPeripheralEnable
20000100   __STACK_END
00000100   __STACK_SIZE
20000100   __STACK_TOP
00001260   __TI_CINIT_Base
00001270   __TI_CINIT_Limit
00001248   __TI_Handler_Table_Base
00001254   __TI_Handler_Table_Limit
00000001   __TI_args_main
000008f5   __TI_auto_init
00000ef7   __TI_decompress_none
00000f49   __TI_decompress_rle24
00000000   __TI_static_base__
00000ed7   __TI_zero_init
00000989   __aeabi_memclr
00000989   __aeabi_memclr4
00000989   __aeabi_memclr8
00000859   __aeabi_memcpy
00000859   __aeabi_memcpy4
00000859   __aeabi_memcpy8
0000098b   __aeabi_memset
0000098b   __aeabi_memset4
0000098b   __aeabi_memset8
ffffffff   __binit__
ffffffff   __c_args__
20000000   __stack
00000e85   _args_main
00000d91   _c_int00
20000108   _cleanup_ptr
2000010c   _dtors_ptr
20000100   _lock
00000e79   _nop
00000e73   _register_lock
00000e6d   _register_unlock
20000104   _unlock
00000d1d   abort
ffffffff   binit
00000c8d   copy_in
00000d25   exit
00000000   g_pfnVectors
00000d5d   initADC
00000665   initHW
000007b9   itoa
000005a9   main
20000110   main_func_sp
00000859   memcpy
00000991   memset


GLOBAL SYMBOLS: SORTED BY Symbol Address 

address    name
--------   ----
00000000   __TI_static_base__
00000000   g_pfnVectors
00000001   __TI_args_main
000000f1   SysCtlClockGet
00000100   __STACK_SIZE
000002c9   SysCtlClockSet
0000040d   RIT128x96x4StringDraw
000004e1   GPIOPadConfigSet
000005a9   main
00000665   initHW
00000715   RIT128x96x4Init
000007b9   itoa
00000859   __aeabi_memcpy
00000859   __aeabi_memcpy4
00000859   __aeabi_memcpy8
00000859   memcpy
000008f5   __TI_auto_init
00000989   __aeabi_memclr
00000989   __aeabi_memclr4
00000989   __aeabi_memclr8
0000098b   __aeabi_memset
0000098b   __aeabi_memset4
0000098b   __aeabi_memset8
00000991   memset
00000a01   ADCSequenceStepConfigure
00000a6d   RIT128x96x4Enable
00000bed   SysCtlPeripheralEnable
00000c45   RIT128x96x4Clear
00000c8d   copy_in
00000cd5   SSIConfigSetExpClk
00000d19   C$$EXIT
00000d1d   abort
00000d25   exit
00000d5d   initADC
00000d91   _c_int00
00000dc5   ADCIntStatus
00000df3   GPIODirModeSet
00000e21   ADCSequenceConfigure
00000e4b   ADCSequenceDataGet
00000e6d   _register_unlock
00000e73   _register_lock
00000e79   _nop
00000e85   _args_main
00000e9d   ADCProcessorTrigger
00000eb3   GPIOPinTypeGPIOOutput
00000ec5   GPIOPinTypeSSI
00000ed7   __TI_zero_init
00000ee9   ADCSequenceEnable
00000ef7   __TI_decompress_none
00000f05   RIT128x96x4DisplayOff
00000f11   SSIDataPut
00000f1b   SSIDisable
00000f25   SSIEnable
00000f2f   SSIBusy
00000f37   GPIOPinWrite
00000f3d   ResetISR
00000f43   SysCtlDelay
00000f49   __TI_decompress_rle24
00001248   __TI_Handler_Table_Base
00001254   __TI_Handler_Table_Limit
00001260   __TI_CINIT_Base
00001270   __TI_CINIT_Limit
20000000   __stack
20000100   __STACK_END
20000100   __STACK_TOP
20000100   _lock
20000104   _unlock
20000108   _cleanup_ptr
2000010c   _dtors_ptr
20000110   main_func_sp
ffffffff   __binit__
ffffffff   __c_args__
ffffffff   binit
UNDEFED    SHT$$INIT_ARRAY$$Base
UNDEFED    SHT$$INIT_ARRAY$$Limit

[75 symbols]
